// Jest Snapshot v1, https://goo.gl/fbAQLP

exports[`Solve Task Page renders page unchanged 1`] = `
<div>
  <div
    class="css-to24xl"
  >
    <header
      class="css-vi10jy"
    >
      <div
        class="css-o2j9ze container"
      >
        <div
          class="css-p7rs9i"
        >
          <img
            alt="Logo"
            src="https://placeholder.pics/svg/300x100"
          />
        </div>
        <menu
          class="css-1w18ink"
        >
          <li>
            <button
              class="css-1aktket"
              data-testid="toggle-session-menu-button"
            >
              <span>
                Show Session
              </span>
            </button>
          </li>
          <li>
            <button
              class="css-1aktket"
              data-testid="submit-solution-button"
            >
              Submit Solution
            </button>
          </li>
          <li>
            <div
              class="dropdown"
            >
              <button
                aria-expanded="false"
                class="dropdown-toggle btn btn-primary"
                id="react-aria-:r0:"
                type="button"
              >
                john@doe.com
              </button>
            </div>
          </li>
        </menu>
      </div>
    </header>
    <div
      class="css-qrtzlc"
    >
      <iframe
        allow="fullscreen; camera; microphone"
        class="css-15vps70"
        loading="lazy"
        referrerpolicy="no-referrer-when-downgrade"
        sandbox="allow-scripts allow-same-origin allow-downloads"
        src="undefined/solve/10/5"
      />
    </div>
  </div>
</div>
`;
