// Jest Snapshot v1, https://goo.gl/fbAQLP

exports[`Scratch GUI Component renders the Scratch UI unchanged 1`] = `
<div>
  <div
    class=""
    dir="ltr"
    username=""
  >
    <div
      class=""
    >
      <div>
        <div>
          <img
            src="top-block.svg"
          />
          <img
            src="middle-block.svg"
          />
          <img
            src="bottom-block.svg"
          />
        </div>
        <div>
          <span>
            Loading Project
          </span>
        </div>
        <div>
          <div
            style="transform: translate(0, -50px);"
          >
            <div>
              <span>
                Creating blocks …
              </span>
            </div>
            <div>
              <span>
                Loading sprites …
              </span>
            </div>
            <div>
              <span>
                Loading sounds …
              </span>
            </div>
            <div>
              <span>
                Loading extensions …
              </span>
            </div>
            <div>
              <span>
                Creating blocks …
              </span>
            </div>
            <div>
              <span>
                Herding cats …
              </span>
            </div>
            <div>
              <span>
                Transmitting nanos …
              </span>
            </div>
            <div>
              <span>
                Inflating gobos …
              </span>
            </div>
            <div>
              <span>
                Preparing emojis …
              </span>
            </div>
          </div>
        </div>
      </div>
    </div>
    <div
      class=""
    >
      <div>
        <div>
          <img
            src="top-block.svg"
          />
          <img
            src="middle-block.svg"
          />
          <img
            src="bottom-block.svg"
          />
        </div>
        <div>
          <span>
            Creating Project
          </span>
        </div>
        <div>
          <div
            style="transform: translate(0, -75px);"
          >
            <div>
              <span>
                Creating blocks …
              </span>
            </div>
            <div>
              <span>
                Loading sprites …
              </span>
            </div>
            <div>
              <span>
                Loading sounds …
              </span>
            </div>
            <div>
              <span>
                Loading extensions …
              </span>
            </div>
            <div>
              <span>
                Creating blocks …
              </span>
            </div>
            <div>
              <span>
                Herding cats …
              </span>
            </div>
            <div>
              <span>
                Transmitting nanos …
              </span>
            </div>
            <div>
              <span>
                Inflating gobos …
              </span>
            </div>
            <div>
              <span>
                Preparing emojis …
              </span>
            </div>
          </div>
        </div>
      </div>
    </div>
    <div
      bounds="parent"
      class=""
    >
      <div
        class=""
      />
    </div>
    <div
      class=""
    >
      <div
        class=""
      >
        <div
          class=""
        >
          <div
            class="react-tabs"
            data-tabs="true"
          >
            <ul
              class=""
              role="tablist"
            >
              <li
                aria-controls="react-tabs-1"
                aria-disabled="false"
                aria-selected="true"
                class="react-tabs__tab--selected"
                id="react-tabs-0"
                role="tab"
                tabindex="0"
              >
                <img
                  draggable="false"
                  src="icon--code.svg"
                />
                <span>
                  Code
                </span>
              </li>
              <li
                aria-controls="react-tabs-3"
                aria-disabled="false"
                aria-selected="false"
                class=""
                id="react-tabs-2"
                role="tab"
              >
                <img
                  draggable="false"
                  src="icon--costumes.svg"
                />
                <span>
                  Backdrops
                </span>
              </li>
              <li
                aria-controls="react-tabs-5"
                aria-disabled="false"
                aria-selected="false"
                class=""
                id="react-tabs-4"
                role="tab"
              >
                <img
                  draggable="false"
                  src="icon--sounds.svg"
                />
                <span>
                  Sounds
                </span>
              </li>
            </ul>
            <div
              aria-labelledby="react-tabs-0"
              class="react-tabs__tab-panel--selected"
              id="react-tabs-1"
              role="tabpanel"
            >
              <div
                class=""
              >
                <div>
                  Blocks
                </div>
              </div>
              <div
                class=""
              >
                <button
                  title="Add Extension"
                >
                  <img
                    draggable="false"
                    src="icon--extensions.svg"
                  />
                </button>
              </div>
              <div
                class=""
              >
                <img />
              </div>
            </div>
            <div
              aria-labelledby="react-tabs-2"
              class=""
              id="react-tabs-3"
              role="tabpanel"
            />
            <div
              aria-labelledby="react-tabs-4"
              class=""
              id="react-tabs-5"
              role="tabpanel"
            />
          </div>
        </div>
        <div
          class=""
        >
          <div
            class=""
            dir="ltr"
          >
            <div
              class=""
            >
              <div
                class=""
              >
                <div
                  class=""
                >
                  <img
                    class=""
                    draggable="false"
                    src="icon--green-flag.svg"
                    title="Go"
                  />
                  <img
                    class=""
                    draggable="false"
                    src="icon--stop-all.svg"
                    title="Stop"
                  />
                </div>
                <div>
                  <div>
                    <div
                      class=""
                    >
                      <button
                        aria-label="Switch to small stage"
                        aria-pressed="false"
                        title="Switch to small stage"
                      >
                        <img
                          aria-hidden="true"
                          src="icon--small-stage.svg"
                        />
                      </button>
                      <button
                        aria-label="Switch to large stage"
                        aria-pressed="true"
                        title="Switch to large stage"
                      >
                        <img
                          aria-hidden="true"
                          src="icon--large-stage.svg"
                        />
                      </button>
                    </div>
                  </div>
                  <div>
                    <span
                      class=""
                      role="button"
                    >
                      <div>
                        <img
                          alt="Enter full screen mode"
                          draggable="false"
                          src="icon--fullscreen.svg"
                          title="Full Screen Control"
                        />
                      </div>
                    </span>
                  </div>
                </div>
              </div>
            </div>
            <div
              class=""
            />
          </div>
          <div
            class=""
          >
            <div
              intl="[object Object]"
            >
              <div
                class=""
              >
                <div
                  class="css-1vud2rv"
                >
                  <div
                    class=""
                  >
                    <div
                      class=""
                    >
                      <div>
                        <label>
                          <span>
                            <span>
                              Sprite
                            </span>
                          </span>
                          <input
                            class=""
                            disabled=""
                            placeholder="Name"
                            tabindex="0"
                            type="text"
                            value=""
                          />
                        </label>
                      </div>
                      <div>
                        <label>
                          <span>
                            x
                          </span>
                          <input
                            class="undefined"
                            disabled=""
                            placeholder="x"
                            tabindex="0"
                            type="text"
                            value=""
                          />
                        </label>
                      </div>
                      <div>
                        <label>
                          <span>
                            y
                          </span>
                          <input
                            class="undefined"
                            disabled=""
                            placeholder="y"
                            tabindex="0"
                            type="text"
                            value=""
                          />
                        </label>
                      </div>
                    </div>
                    <div
                      class=""
                    >
                      <div>
                        <div
                          class="undefined"
                        >
                          <button
                            aria-label="Show sprite"
                            disabled=""
                            title="Show sprite"
                          >
                            <img
                              aria-hidden="true"
                              src="icon--show.svg"
                            />
                          </button>
                          <button
                            aria-label="Hide sprite"
                            aria-pressed="false"
                            disabled=""
                            title="Hide sprite"
                          >
                            <img
                              aria-hidden="true"
                              src="icon--hide.svg"
                            />
                          </button>
                        </div>
                      </div>
                      <div
                        class=""
                      >
                        <label>
                          <span>
                            <span>
                              Size
                            </span>
                          </span>
                          <input
                            class="undefined"
                            disabled=""
                            label="[object Object]"
                            tabindex="0"
                            type="text"
                            value=""
                          />
                        </label>
                      </div>
                      <div
                        class=""
                      >
                        <label>
                          <span>
                            <span>
                              Direction
                            </span>
                          </span>
                          <input
                            class="undefined"
                            disabled=""
                            label="[object Object]"
                            tabindex="0"
                            type="text"
                            value=""
                          />
                        </label>
                      </div>
                    </div>
                  </div>
                </div>
                <div
                  class=""
                >
                  <div
                    class=""
                  />
                </div>
              </div>
              <div>
                <div />
              </div>
            </div>
          </div>
        </div>
      </div>
    </div>
  </div>
</div>
`;
