// Jest Snapshot v1, https://goo.gl/fbAQLP

exports[`Edit Task Page renders page unchanged 1`] = `
<div>
  <div
    class="css-to24xl"
  >
    <header
      class="css-vi10jy"
    >
      <div
        class="css-o2j9ze container"
      >
        <div
          class="css-p7rs9i"
        >
          <img
            alt="Logo"
            src="https://placeholder.pics/svg/300x100"
          />
        </div>
        <menu
          class="css-1w18ink"
        >
          <li>
            <button
              class="css-1aktket"
              data-testid="load-task-button"
            >
              Load Task
            </button>
          </li>
          <li>
            <button
              class="css-1aktket"
              data-testid="save-task-button"
            >
              Save Task
            </button>
          </li>
          <li>
            <button
              class="css-1aktket"
            >
              Sign out
            </button>
          </li>
        </menu>
      </div>
    </header>
    <iframe
      allow="fullscreen; camera; microphone"
      class="css-15vps70"
      loading="lazy"
      referrerpolicy="no-referrer-when-downgrade"
      sandbox="allow-scripts allow-same-origin allow-downloads"
      src="undefined/edit/taskId"
    />
  </div>
</div>
`;
